[www.creativity-evolution.lol/index.html]
[backblue.gif]
[fade.gif]
[index.html]
[www.creativity-evolution.lol/images/head.png]
[www.creativity-evolution.lol/css/index.css]
[www.creativity-evolution.lol/css/aos.css]
[www.creativity-evolution.lol/images/arrow.png]
[www.creativity-evolution.lol/images/bg.jpg]
[www.creativity-evolution.lol/images/telegram.png]
[www.creativity-evolution.lol/images/whitex.png]
[www.creativity-evolution.lol/images/ab.png]
[www.creativity-evolution.lol/images/howtobuy - Copy.png]
[www.creativity-evolution.lol/images/m1.jpeg]
[www.creativity-evolution.lol/images/m2.jpeg]
[www.creativity-evolution.lol/images/m3.jpeg]
[www.creativity-evolution.lol/images/m4.jpeg]
[www.creativity-evolution.lol/images/m5.jpeg]
[www.creativity-evolution.lol/images/m6.jpeg]
[www.creativity-evolution.lol/images/m7.jpeg]
[www.creativity-evolution.lol/images/m8.jpeg]
[www.creativity-evolution.lol/js/aos.js]
[www.creativity-evolution.lol/mondo.12.delayed]
[www.creativity-evolution.lol/index.html]
[www.creativity-evolution.lol/fonts/Potato_sans-Black.otf]
[www.creativity-evolution.lol/css/index.css]
[www.creativity-evolution.lol/css/aos.css]
[www.creativity-evolution.lol/mondo.html]
[www.creativity-evolution.lol/fonts/Mabook.ttf]
